------------------------------------------------------------
Timing Analyzer Summary
------------------------------------------------------------

Type  : Slow 1200mV 85C Model Setup 'clk'
Slack : -3.759
TNS   : -44.767

Type  : Slow 1200mV 85C Model Setup 'clk_lento'
Slack : -2.358
TNS   : -19.421

Type  : Slow 1200mV 85C Model Hold 'clk_lento'
Slack : 0.404
TNS   : 0.000

Type  : Slow 1200mV 85C Model Hold 'clk'
Slack : 0.641
TNS   : 0.000

Type  : Slow 1200mV 85C Model Minimum Pulse Width 'clk'
Slack : -3.000
TNS   : -37.695

Type  : Slow 1200mV 85C Model Minimum Pulse Width 'clk_lento'
Slack : -1.285
TNS   : -12.850

Type  : Slow 1200mV 0C Model Setup 'clk'
Slack : -3.413
TNS   : -37.459

Type  : Slow 1200mV 0C Model Setup 'clk_lento'
Slack : -2.057
TNS   : -16.793

Type  : Slow 1200mV 0C Model Hold 'clk_lento'
Slack : 0.355
TNS   : 0.000

Type  : Slow 1200mV 0C Model Hold 'clk'
Slack : 0.586
TNS   : 0.000

Type  : Slow 1200mV 0C Model Minimum Pulse Width 'clk'
Slack : -3.000
TNS   : -37.695

Type  : Slow 1200mV 0C Model Minimum Pulse Width 'clk_lento'
Slack : -1.285
TNS   : -12.850

Type  : Fast 1200mV 0C Model Setup 'clk'
Slack : -1.355
TNS   : -8.950

Type  : Fast 1200mV 0C Model Setup 'clk_lento'
Slack : -0.605
TNS   : -4.228

Type  : Fast 1200mV 0C Model Hold 'clk_lento'
Slack : 0.182
TNS   : 0.000

Type  : Fast 1200mV 0C Model Hold 'clk'
Slack : 0.293
TNS   : 0.000

Type  : Fast 1200mV 0C Model Minimum Pulse Width 'clk'
Slack : -3.000
TNS   : -31.689

Type  : Fast 1200mV 0C Model Minimum Pulse Width 'clk_lento'
Slack : -1.000
TNS   : -10.000

------------------------------------------------------------
